{
  "product": {
    "id": "01HSXP6E3ANYXA3ZZCXFC521BC",
    "owner_id": "01HCNYK3F7RJTWJ7GAQHPZDVE3",
    "name": "サウナハット青",
    "description": "今治タオルを素材としたこだわりのサウナハット",
    "price": 3000,
    "stock": 2
  }
}