[
  {
    "id": "01HCNYK4MQNC6G6X3F3DGXZ2J8",
    "owner_id": "01HCNYK3F7RJTWJ7GAQHPZDVE3",
    "name": "サウナハット",
    "description": "",
    "price": 3000,
    "stock": 20,
    "owner_name": "古戸垣敦"
  }
]